(program [ (builtin decodeUtf8) (con bytestring #68656c6c6f) ])